AR top_level behavioral /home/bryant/Documents/flowpaths_checkout/flowpaths/Pacman/pacman/top_level.vhd sub00/vhpl05 1322019621
EN dcm NULL /home/bryant/Documents/flowpaths_checkout/flowpaths/Pacman/pacman/ipcore_dir/dcm.vhd sub00/vhpl02 1322019614
AR dot behavioral /home/bryant/ise_projects/pacman/dot.vhd sub00/vhpl01 1321900894
AR clock_divider behavioral /home/bryant/Documents/flowpaths_checkout/flowpaths/Pacman/pacman/clock_divider.vhd sub00/vhpl09 1322019613
AR grid_roms behavioral /home/bryant/Documents/flowpaths_checkout/flowpaths/Pacman/pacman/grid.vhd sub00/vhpl16 1322019609
EN game_grid NULL /home/bryant/Documents/flowpaths_checkout/flowpaths/Pacman/pacman/game_grid.vhd sub00/vhpl10 1322019606
EN clock_divider NULL /home/bryant/Documents/flowpaths_checkout/flowpaths/Pacman/pacman/clock_divider.vhd sub00/vhpl08 1322019612
EN vga_1024x768 NULL /home/bryant/Documents/flowpaths_checkout/flowpaths/Pacman/pacman/vga1024x768.vhd sub00/vhpl06 1322019616
EN dot NULL /home/bryant/ise_projects/pacman/dot.vhd sub00/vhpl00 1321900893
AR dcm behavioral /home/bryant/Documents/flowpaths_checkout/flowpaths/Pacman/pacman/ipcore_dir/dcm.vhd sub00/vhpl03 1322019615
PH pacage NULL /home/bryant/Documents/flowpaths_checkout/flowpaths/Pacman/pacman/pacage.vhd sub00/vhpl12 1322019605
AR grid_display behavioral /home/bryant/Documents/flowpaths_checkout/flowpaths/Pacman/pacman/grid_display.vhd sub00/vhpl14 1322019611
EN grid_roms NULL /home/bryant/Documents/flowpaths_checkout/flowpaths/Pacman/pacman/grid.vhd sub00/vhpl15 1322019608
AR vga_1024x768 behavioral /home/bryant/Documents/flowpaths_checkout/flowpaths/Pacman/pacman/vga1024x768.vhd sub00/vhpl07 1322019617
EN grid_display NULL /home/bryant/Documents/flowpaths_checkout/flowpaths/Pacman/pacman/grid_display.vhd sub00/vhpl13 1322019610
EN display_manager NULL /home/bryant/Documents/flowpaths_checkout/flowpaths/Pacman/pacman/display_manager.vhd sub00/vhpl17 1322019618
AR game_grid behavioral /home/bryant/Documents/flowpaths_checkout/flowpaths/Pacman/pacman/game_grid.vhd sub00/vhpl11 1322019607
AR display_manager behavioral /home/bryant/Documents/flowpaths_checkout/flowpaths/Pacman/pacman/display_manager.vhd sub00/vhpl18 1322019619
EN top_level NULL /home/bryant/Documents/flowpaths_checkout/flowpaths/Pacman/pacman/top_level.vhd sub00/vhpl04 1322019620
