AR top_level behavioral C:/projects/Pacman/pacman/top_level.vhd sub00/vhpl36 1322348381
EN dcm NULL C:/projects/Pacman/pacman/ipcore_dir/dcm.vhd sub00/vhpl29 1322348374
AR ghost_display behavioral C:/projects/Pacman/pacman/ghost_display.vhd sub00/vhpl20 1322348363
AR move_ghost behavioral C:/projects/Pacman/pacman/move_ghost.vhd sub00/vhpl06 1322348349
AR pacman_rom behavioral C:/projects/Pacman/pacman/pacman_rom.vhd sub00/vhpl12 1322348355
AR clock_divider behavioral C:/projects/Pacman/pacman/clock_divider.vhd sub00/vhpl28 1322348373
AR grid_roms behavioral C:/projects/Pacman/pacman/grid.vhd sub00/vhpl14 1322348357
EN pacman_manager NULL C:/projects/Pacman/pacman/pacman_manager.vhd sub00/vhpl17 1322348360
EN game_grid NULL C:/projects/Pacman/pacman/game_grid.vhd sub00/vhpl25 1322348370
EN clock_divider NULL C:/projects/Pacman/pacman/clock_divider.vhd sub00/vhpl27 1322348372
EN ghost_display NULL C:/projects/Pacman/pacman/ghost_display.vhd sub00/vhpl19 1322348362
EN vga_1024x768 NULL C:/projects/Pacman/pacman/vga1024x768.vhd sub00/vhpl31 1322348376
EN game_machine NULL C:/projects/Pacman/pacman/game_machine.vhd sub00/vhpl37 1322348368
AR game_machine behavioral C:/projects/Pacman/pacman/game_machine.vhd sub00/vhpl38 1322348369
AR dcm behavioral C:/projects/Pacman/pacman/ipcore_dir/dcm.vhd sub00/vhpl30 1322348375
PH pacage NULL C:/projects/Pacman/pacman/pacage.vhd sub00/vhpl00 1322348343
EN ghost_ai NULL C:/projects/Pacman/pacman/ghost_ai.vhd sub00/vhpl21 1322348364
EN ghost_target_updater NULL C:/projects/Pacman/pacman/ghost_target_updater.vhd sub00/vhpl03 1322348346
EN ghost_rom NULL C:/projects/Pacman/pacman/ghost_rom.vhd sub00/vhpl07 1322348350
EN collision_machine NULL C:/projects/Pacman/pacman/collision_machine.vhd sub00/vhpl01 1322348344
AR pacman_manager behavioral C:/projects/Pacman/pacman/pacman_manager.vhd sub00/vhpl18 1322348361
AR grid_display behavioral C:/projects/Pacman/pacman/grid_display.vhd sub00/vhpl16 1322348359
EN move_ghost NULL C:/projects/Pacman/pacman/move_ghost.vhd sub00/vhpl05 1322348348
AR ghost_rom behavioral C:/projects/Pacman/pacman/ghost_rom.vhd sub00/vhpl08 1322348351
EN pacman_rom NULL C:/projects/Pacman/pacman/pacman_rom.vhd sub00/vhpl11 1322348354
AR pacman_target_selection behavioral C:/projects/Pacman/pacman/pacman_target_selection.vhd sub00/vhpl10 1322348353
EN grid_roms NULL C:/projects/Pacman/pacman/grid.vhd sub00/vhpl13 1322348356
AR direction_manager behavioral C:/projects/Pacman/pacman/direction_manager.vhd sub00/vhpl24 1322348367
AR vga_1024x768 behavioral C:/projects/Pacman/pacman/vga1024x768.vhd sub00/vhpl32 1322348377
AR collision_machine behavioral C:/projects/Pacman/pacman/collision_machine.vhd sub00/vhpl02 1322348345
EN grid_display NULL C:/projects/Pacman/pacman/grid_display.vhd sub00/vhpl15 1322348358
EN display_manager NULL C:/projects/Pacman/pacman/display_manager.vhd sub00/vhpl33 1322348378
AR game_grid behavioral C:/projects/Pacman/pacman/game_grid.vhd sub00/vhpl26 1322348371
AR display_manager behavioral C:/projects/Pacman/pacman/display_manager.vhd sub00/vhpl34 1322348379
AR ghost_ai behavioral C:/projects/Pacman/pacman/ghost_ai.vhd sub00/vhpl22 1322348365
AR ghost_target_updater behavioral C:/projects/Pacman/pacman/ghost_target_updater.vhd sub00/vhpl04 1322348347
EN direction_manager NULL C:/projects/Pacman/pacman/direction_manager.vhd sub00/vhpl23 1322348366
EN pacman_target_selection NULL C:/projects/Pacman/pacman/pacman_target_selection.vhd sub00/vhpl09 1322348352
EN top_level NULL C:/projects/Pacman/pacman/top_level.vhd sub00/vhpl35 1322348380
