AR top_level behavioral C:/projects/Pacman/pacman/top_level.vhd sub00/vhpl21 1322207162
EN dcm NULL C:/projects/Pacman/pacman/ipcore_dir/dcm.vhd sub00/vhpl15 1322207155
AR move_ghost behavioral C:/projects/Pacman/pacman/move_ghost.vhd sub00/vhpl25 1322207112
AR clock_divider behavioral C:/projects/Pacman/pacman/clock_divider.vhd sub00/vhpl14 1322207154
AR grid_roms behavioral C:/projects/Pacman/pacman/grid.vhd sub00/vhpl04 1322207144
EN pacman_manager NULL C:/projects/Pacman/pacman/pacman_manager.vhd sub00/vhpl07 1322207147
EN game_grid NULL C:/projects/Pacman/pacman/game_grid.vhd sub00/vhpl09 1322207151
EN clock_divider NULL C:/projects/Pacman/pacman/clock_divider.vhd sub00/vhpl13 1322207153
EN vga_1024x768 NULL C:/projects/Pacman/pacman/vga1024x768.vhd sub00/vhpl17 1322207157
AR dcm behavioral C:/projects/Pacman/pacman/ipcore_dir/dcm.vhd sub00/vhpl16 1322207156
PH pacage NULL C:/projects/Pacman/pacman/pacage.vhd sub00/vhpl00 1322207142
EN ghost_ai NULL C:/projects/Pacman/pacman/ghost_ai.vhd sub00/vhpl12 1322207119
EN ghost_target_updater NULL C:/projects/Pacman/pacman/ghost_target_updater.vhd sub00/vhpl22 1322207109
EN collision_machine NULL C:/projects/Pacman/pacman/collision_machine.vhd sub00/vhpl01 1322207107
AR pacman_manager behavioral C:/projects/Pacman/pacman/pacman_manager.vhd sub00/vhpl08 1322207148
AR grid_display behavioral C:/projects/Pacman/pacman/grid_display.vhd sub00/vhpl06 1322207146
EN move_ghost NULL C:/projects/Pacman/pacman/move_ghost.vhd sub00/vhpl24 1322207111
EN grid_roms NULL C:/projects/Pacman/pacman/grid.vhd sub00/vhpl03 1322207143
AR direction_manager behavioral C:/projects/Pacman/pacman/direction_manager.vhd sub00/vhpl28 1322207150
AR vga_1024x768 behavioral C:/projects/Pacman/pacman/vga1024x768.vhd sub00/vhpl18 1322207158
AR collision_machine behavioral C:/projects/Pacman/pacman/collision_machine.vhd sub00/vhpl02 1322207108
EN grid_display NULL C:/projects/Pacman/pacman/grid_display.vhd sub00/vhpl05 1322207145
EN display_manager NULL C:/projects/Pacman/pacman/display_manager.vhd sub00/vhpl11 1322207159
AR game_grid behavioral C:/projects/Pacman/pacman/game_grid.vhd sub00/vhpl10 1322207152
AR display_manager behavioral C:/projects/Pacman/pacman/display_manager.vhd sub00/vhpl19 1322207160
AR ghost_ai behavioral C:/projects/Pacman/pacman/ghost_ai.vhd sub00/vhpl26 1322207120
AR ghost_target_updater behavioral C:/projects/Pacman/pacman/ghost_target_updater.vhd sub00/vhpl23 1322207110
EN direction_manager NULL C:/projects/Pacman/pacman/direction_manager.vhd sub00/vhpl27 1322207149
EN top_level NULL C:/projects/Pacman/pacman/top_level.vhd sub00/vhpl20 1322207161
